// Jest Snapshot v1, https://goo.gl/fbAQLP

exports[`App renders the App to the dom 1`] = `
Array [
  <nav
    className="sticky mx-auto w-full z-10 top-0 filter drop-shadow-xl"
  >
    <div
      className="px-2 md:px-12 flex justify-between items-center bg-yellow-400"
    >
      <div
        className="mr-2"
      >
        <a
          className=""
          href="/"
          onClick={[Function]}
        >
          <img
            alt="dev-lookup-logo"
            src="/logo512.png"
            width="120"
          />
        </a>
      </div>
      <div
        className="flex space-x-6 items-center text-l"
      >
        <div
          className="navbar-item"
        >
          <a
            className="btn btn-success"
            href="/login"
            onClick={[Function]}
          >
            Log in
          </a>
        </div>
        <div
          className="navbar-item"
        >
          <a
            className="btn btn-secondary"
            href="/sign_up"
            onClick={[Function]}
          >
            <strong>
              Sign up
            </strong>
          </a>
        </div>
      </div>
    </div>
  </nav>,
  <div
    className="mx-auto"
  >
    <div
      className="bg-code"
    >
      <div
        className=""
      >
        <div
          className=""
        >
          <div
            className="p-12 bd-filter text-primary-700"
          >
            <p
              className="p-8 text-5xl text-center font-semibold"
            >
              Welcome to DevPoint
            </p>
            <div
              className="my-8 text-2xl text-center font-medium text-primary-700"
            >
              <p
                className="my-3 p-2"
              >
                Our experienced developers specialize in latest frameworks and technologies, and have a track record of successful project deliveries across multiple domains in the software industry
              </p>
              <p
                className="my-3 p-2"
              >
                Our platform allows you to meet our developers individually for a free online consultation and build rapport for future collaboration
              </p>
            </div>
          </div>
          <div
            className="my-20 flex justify-center space-x-4 items-center my-6 mx-5"
          >
            <div
              className="text-center flex is-justify-center items-center"
            >
              <a
                className="btn btn-success btn-lg uppercase font-bold"
                href="/sign_up"
                onClick={[Function]}
              >
                Sign Up Now
              </a>
            </div>
            <div
              className="text-center flex is-justify-center items-center"
            >
              <p
                className="px-4 text-white font-bold"
              >
                or
              </p>
            </div>
            <div
              className="text-center flex is-justify-center items-center"
            >
              <a
                className="btn btn-secondary font-bold"
                href="/login"
                onClick={[Function]}
              >
                Log into your account
              </a>
            </div>
          </div>
        </div>
      </div>
    </div>
  </div>,
]
`;
