// Jest Snapshot v1, https://goo.gl/fbAQLP

exports[`AppointmentsForm renders the AppointmentForm component to the dom 1`] = `
<div
  className="container my-6 mx-auto p-6 bg-warning-500 bg-opacity-60 rounded"
>
  <h2
    className="text-l md:text-xl text-primary-800 text-center font-semibold"
  >
    Book an Appointment
  </h2>
  <hr
    className="my-4 border-1 border-primary-600"
  />
  <div
    className="flex flex-wrap justify-start items-center"
  >
    <form
      className=""
      onSubmit={[Function]}
    >
      <div
        className="md:flex md:justify-between md:items-center md:space-x-2 lg:space-x-0 lg:block"
      >
        <div
          className="field"
        >
          <label
            className="label"
            htmlFor="location"
          >
            Location
            <div
              className="control"
            >
              <input
                autoFocus={true}
                className="input"
                name="location"
                onChange={[Function]}
                placeholder="A place, or just Online"
                required={true}
                type="text"
              />
            </div>
          </label>
        </div>
        <div
          className="field"
        >
          <label
            className="label"
            htmlFor="time"
          >
            Time
            <div
              className="control"
            >
              <input
                className="input"
                name="time"
                onChange={[Function]}
                required={true}
                type="datetime-local"
              />
            </div>
          </label>
        </div>
      </div>
      <div
        className="control"
      >
        <button
          className="btn btn-primary"
          type="submit"
        >
          Book Now
        </button>
      </div>
    </form>
  </div>
</div>
`;
