// Jest Snapshot v1, https://goo.gl/fbAQLP

exports[`AppointmentsForm renders the AppointmentForm component to the dom 1`] = `
<form
  className="mx-6 mt-4 pb-6"
  onSubmit={[Function]}
>
  <div
    className="columns is-centered"
  >
    <div
      className="column is-four-fifths"
    >
      <div
        className="mx-6 field is-horizontal"
      >
        <div
          className="field-body is-grouped"
        >
          <div
            className="field"
          >
            <label
              className="label has-text-centered has-text-white"
              htmlFor="location"
            >
              Location
              <div
                className="control"
              >
                <input
                  className="input is-primary is-rounded has-text-success"
                  name="location"
                  onChange={[Function]}
                  required={true}
                  type="text"
                />
              </div>
            </label>
          </div>
          <div
            className="field is-horizontal"
          >
            <label
              className="label has-text-centered has-text-white"
              htmlFor="time"
            >
              Time
              <div
                className="control"
              >
                <input
                  className="input is-primary is-rounded has-text-success"
                  name="time"
                  onChange={[Function]}
                  required={true}
                  type="datetime-local"
                />
              </div>
            </label>
          </div>
        </div>
      </div>
    </div>
    <div
      className="column is-vcentered"
    >
      <div
        className="mx-6 field is-horizontal is-vcentered"
      >
        <div
          className="control"
        >
          <button
            className="button is-white has-text-success is-rounded is-uppercase is-fullwidth mt-4 p-5 has-text-weight-bold"
            type="submit"
          >
            Book Now
          </button>
        </div>
      </div>
    </div>
  </div>
</form>
`;
