// Jest Snapshot v1, https://goo.gl/fbAQLP

exports[`BrandBar renders the BrandBar component to the dom 1`] = `
<nav
  aria-label="main navigation"
  className="navbar is-fixed-top"
  role="navigation"
>
  <div
    className="navbar-brand mx-3 my-3 px-2 is-text-centered"
  >
    <a
      className=""
      href="/"
      onClick={[Function]}
    >
      <img
        alt="dev-lookup-logo"
        height="60"
        src="/logo512.png"
        width="60"
      />
    </a>
    <a
      aria-expanded="false"
      aria-label="menu"
      className="navbar-burger"
      data-target="side-nav"
      href="#side-nav"
      onClick={[Function]}
      role="button"
    >
      <span
        aria-hidden="true"
      />
      <span
        aria-hidden="true"
      />
      <span
        aria-hidden="true"
      />
    </a>
  </div>
</nav>
`;
