// Jest Snapshot v1, https://goo.gl/fbAQLP

exports[`LandingPage renders the LandingPage component to the dom 1`] = `
<div
  className="bg-code"
>
  <div
    className=""
  >
    <div
      className=""
    >
      <div
        className="p-12 bd-filter text-primary-700"
      >
        <p
          className="p-8 text-5xl text-center font-semibold"
        >
          Welcome to DevPoint
        </p>
        <div
          className="my-8 text-2xl text-center font-medium text-primary-700"
        >
          <p
            className="my-3 p-2"
          >
            Our experienced developers specialize in latest frameworks and technologies, and have a track record of successful project deliveries across multiple domains in the software industry
          </p>
          <p
            className="my-3 p-2"
          >
            Our platform allows you to meet our developers individually for a free online consultation and build rapport for future collaboration
          </p>
        </div>
      </div>
      <div
        className="my-20 flex justify-center space-x-4 items-center my-6 mx-5"
      >
        <div
          className="text-center flex is-justify-center items-center"
        >
          <a
            className="btn btn-success btn-lg uppercase font-bold"
            href="/sign_up"
            onClick={[Function]}
          >
            Sign Up Now
          </a>
        </div>
        <div
          className="text-center flex is-justify-center items-center"
        >
          <p
            className="px-4 text-white font-bold"
          >
            or
          </p>
        </div>
        <div
          className="text-center flex is-justify-center items-center"
        >
          <a
            className="btn btn-secondary font-bold"
            href="/login"
            onClick={[Function]}
          >
            Log into your account
          </a>
        </div>
      </div>
    </div>
  </div>
</div>
`;
