// Jest Snapshot v1, https://goo.gl/fbAQLP

exports[`NavItemDevelopers renders the NavItemDevelopers component to the dom 1`] = `
<div
  className="navbar-item"
>
  <a
    className="text-primary-800 font-bold"
    href="/appointments"
    onClick={[Function]}
  >
    Your Appointments
  </a>
</div>
`;
