// Jest Snapshot v1, https://goo.gl/fbAQLP

exports[`NavItemAppointments renders the NavItemApointments component to the dom 1`] = `
<div
  className="navbar-item"
>
  <a
    className="button is-warning is-fullwidth has-text-white has-text-weight-bold"
    href="/developers"
    onClick={[Function]}
  >
    Developers
  </a>
</div>
`;
